// Jest Snapshot v1, https://goo.gl/fbAQLP

exports[`<CollectorsAndHamsters /> render 1`] = `
<RCTScrollView>
  <View>
    <View
      style={
        Object {
          "alignItems": "center",
          "flex": 1,
          "justifyContent": "center",
          "paddingTop": 70,
        }
      }
    >
      <View>
        <RNLinearTextGradient
          accessible={true}
          allowFontScaling={true}
          colors={
            Array [
              4282147443,
              4281317757,
            ]
          }
          ellipsizeMode="tail"
          gradientEnd={
            Object {
              "x": 1,
              "y": 0,
            }
          }
          gradientStart={
            Object {
              "x": 0,
              "y": 0,
            }
          }
          locations={
            Array [
              0,
              1,
            ]
          }
          style={
            Array [
              Object {
                "color": "gray",
              },
              Object {
                "fontSize": 30,
              },
            ]
          }
        >
          TOP
        </RNLinearTextGradient>
      </View>
      <View
        style={
          Object {
            "alignItems": "center",
            "flex": 1,
            "flexDirection": "row",
            "paddingHorizontal": 20,
            "paddingVertical": 30,
          }
        }
      >
        <View
          style={
            Object {
              "marginHorizontal": 20,
            }
          }
        >
          View
        </View>
        <View
          style={
            Object {
              "marginHorizontal": 20,
            }
          }
        >
          View
        </View>
      </View>
      <View
        style={
          Object {
            "flex": 3,
          }
        }
      >
        <View
          style={
            Object {
              "alignItems": "center",
              "flex": 1,
              "flexDirection": "row",
              "flexWrap": "wrap",
              "justifyContent": "space-between",
              "paddingHorizontal": 20,
            }
          }
        >
          <View
            style={
              Object {
                "paddingHorizontal": 15,
              }
            }
          >
            <View
              style={
                Array [
                  Object {
                    "backgroundColor": "#ffffff",
                  },
                  Object {
                    "borderRadius": 40,
                    "height": 80,
                    "width": 80,
                  },
                ]
              }
            >
              <Image
                source={
                  Object {
                    "uri": "https://i.imgur.com/ckqCXMS.png",
                  }
                }
                style={
                  Array [
                    Object {
                      "borderRadius": 40,
                      "height": 80,
                      "width": 80,
                    },
                    Object {
                      "zIndex": -1,
                    },
                  ]
                }
              />
            </View>
            <Text
              accessible={true}
              allowFontScaling={true}
              ellipsizeMode="tail"
              style={
                Object {
                  "color": "#ffffff",
                  "paddingVertical": 5,
                  "textAlign": "center",
                }
              }
            >
              Dominik
              

               Duda
            </Text>
          </View>
          <View
            style={
              Object {
                "paddingHorizontal": 15,
              }
            }
          >
            <View
              style={
                Array [
                  Object {
                    "backgroundColor": "#ffffff",
                  },
                  Object {
                    "borderRadius": 40,
                    "height": 80,
                    "width": 80,
                  },
                ]
              }
            >
              <Image
                source={
                  Object {
                    "uri": "https://i.imgur.com/ckqCXMS.png",
                  }
                }
                style={
                  Array [
                    Object {
                      "borderRadius": 40,
                      "height": 80,
                      "width": 80,
                    },
                    Object {
                      "zIndex": -1,
                    },
                  ]
                }
              />
            </View>
            <Text
              accessible={true}
              allowFontScaling={true}
              ellipsizeMode="tail"
              style={
                Object {
                  "color": "#ffffff",
                  "paddingVertical": 5,
                  "textAlign": "center",
                }
              }
            >
              Jak
              

              Smiesz
            </Text>
          </View>
          <View
            style={
              Object {
                "paddingHorizontal": 15,
              }
            }
          >
            <View
              style={
                Array [
                  Object {
                    "backgroundColor": "#ffffff",
                  },
                  Object {
                    "borderRadius": 40,
                    "height": 80,
                    "width": 80,
                  },
                ]
              }
            >
              <Image
                source={
                  Object {
                    "uri": "https://i.imgur.com/ckqCXMS.png",
                  }
                }
                style={
                  Array [
                    Object {
                      "borderRadius": 40,
                      "height": 80,
                      "width": 80,
                    },
                    Object {
                      "zIndex": -1,
                    },
                  ]
                }
              />
            </View>
            <Text
              accessible={true}
              allowFontScaling={true}
              ellipsizeMode="tail"
              style={
                Object {
                  "color": "#ffffff",
                  "paddingVertical": 5,
                  "textAlign": "center",
                }
              }
            >
              Bartłomiej
              

              Wójtowicz
            </Text>
          </View>
          <View
            style={
              Object {
                "paddingHorizontal": 15,
              }
            }
          >
            <View
              style={
                Array [
                  Object {
                    "backgroundColor": "#ffffff",
                  },
                  Object {
                    "borderRadius": 40,
                    "height": 80,
                    "width": 80,
                  },
                ]
              }
            >
              <Image
                source={
                  Object {
                    "uri": "https://i.imgur.com/ckqCXMS.png",
                  }
                }
                style={
                  Array [
                    Object {
                      "borderRadius": 40,
                      "height": 80,
                      "width": 80,
                    },
                    Object {
                      "zIndex": -1,
                    },
                  ]
                }
              />
            </View>
            <Text
              accessible={true}
              allowFontScaling={true}
              ellipsizeMode="tail"
              style={
                Object {
                  "color": "#ffffff",
                  "paddingVertical": 5,
                  "textAlign": "center",
                }
              }
            >
              Grzegorz
              

              aaaaa
            </Text>
          </View>
          <View
            style={
              Object {
                "paddingHorizontal": 15,
              }
            }
          >
            <View
              style={
                Array [
                  Object {
                    "backgroundColor": "#ffffff",
                  },
                  Object {
                    "borderRadius": 40,
                    "height": 80,
                    "width": 80,
                  },
                ]
              }
            >
              <Image
                source={
                  Object {
                    "uri": "https://i.imgur.com/ckqCXMS.png",
                  }
                }
                style={
                  Array [
                    Object {
                      "borderRadius": 40,
                      "height": 80,
                      "width": 80,
                    },
                    Object {
                      "zIndex": -1,
                    },
                  ]
                }
              />
            </View>
            <Text
              accessible={true}
              allowFontScaling={true}
              ellipsizeMode="tail"
              style={
                Object {
                  "color": "#ffffff",
                  "paddingVertical": 5,
                  "textAlign": "center",
                }
              }
            >
              Panie
              

              Janie
            </Text>
          </View>
          <View
            style={
              Object {
                "paddingHorizontal": 15,
              }
            }
          >
            <View
              style={
                Array [
                  Object {
                    "backgroundColor": "#ffffff",
                  },
                  Object {
                    "borderRadius": 40,
                    "height": 80,
                    "width": 80,
                  },
                ]
              }
            >
              <Image
                source={
                  Object {
                    "uri": "https://i.imgur.com/ckqCXMS.png",
                  }
                }
                style={
                  Array [
                    Object {
                      "borderRadius": 40,
                      "height": 80,
                      "width": 80,
                    },
                    Object {
                      "zIndex": -1,
                    },
                  ]
                }
              />
            </View>
            <Text
              accessible={true}
              allowFontScaling={true}
              ellipsizeMode="tail"
              style={
                Object {
                  "color": "#ffffff",
                  "paddingVertical": 5,
                  "textAlign": "center",
                }
              }
            >
              Rano
              

              Wstań
            </Text>
          </View>
        </View>
      </View>
    </View>
  </View>
</RCTScrollView>
`;
